// Jest Snapshot v1, https://goo.gl/fbAQLP

exports[`Grid #createGrid 1`] = `6759475`;

exports[`Grid #initialize 1`] = `96833`;

exports[`Grid #placeMakerOrder ERC20 1`] = `288200`;

exports[`Grid #placeMakerOrder ERC20 2`] = `137641`;

exports[`Grid #placeMakerOrder ERC20 3`] = `137641`;

exports[`Grid #placeMakerOrder ERC20 4`] = `137641`;

exports[`Grid #placeMakerOrder ERC20 5`] = `137641`;

exports[`Grid #placeMakerOrder ETH 1`] = `305747`;

exports[`Grid #placeMakerOrder ETH 2`] = `155178`;

exports[`Grid #placeMakerOrder ETH 3`] = `155178`;

exports[`Grid #placeMakerOrder ETH 4`] = `155178`;

exports[`Grid #placeMakerOrder ETH 5`] = `155178`;

exports[`Grid #swap exactInput ERC20 1`] = `212600`;

exports[`Grid #swap exactInput ERC20 2`] = `106668`;

exports[`Grid #swap exactInput ERC20 3`] = `106668`;

exports[`Grid #swap exactInput ERC20 4`] = `106659`;

exports[`Grid #swap exactInput ERC20 5`] = `118950`;

exports[`Grid #swap exactInput ERC20 6`] = `106658`;

exports[`Grid #swap exactInput ETH 1`] = `193138`;

exports[`Grid #swap exactInput ETH 2`] = `124767`;

exports[`Grid #swap exactInput ETH 3`] = `124767`;

exports[`Grid #swap exactInput ETH 4`] = `124767`;

exports[`Grid #swap exactInput ETH 5`] = `137060`;

exports[`Grid #swap exactInput ETH 6`] = `124797`;

exports[`Grid #swap exactOutput ERC20 1`] = `212977`;

exports[`Grid #swap exactOutput ERC20 2`] = `107036`;

exports[`Grid #swap exactOutput ERC20 3`] = `119327`;

exports[`Grid #swap exactOutput ERC20 4`] = `107066`;

exports[`Grid #swap exactOutput ERC20 5`] = `119357`;

exports[`Grid #swap exactOutput ERC20 6`] = `107050`;

exports[`Grid #swap exactOutput ETH 1`] = `193194`;

exports[`Grid #swap exactOutput ETH 2`] = `137087`;

exports[`Grid #swap exactOutput ETH 3`] = `124824`;

exports[`Grid #swap exactOutput ETH 4`] = `136967`;

exports[`Grid #swap exactOutput ETH 5`] = `123800`;

exports[`Grid #swap exactOutput ETH 6`] = `136951`;
